2026-05-20 22:45:35 +08:00: [next-auth][error][NO_SECRET] 
2026-05-20 22:45:35 +08:00: https://next-auth.js.org/errors#no_secret Please define a `secret` in production. Error [MissingSecretError]: Please define a `secret` in production.
2026-05-20 22:45:35 +08:00:     at b.assertConfig (.next/server/chunks/8858.js:10:68568)
2026-05-20 22:45:35 +08:00:     at q (.next/server/chunks/8858.js:10:37092)
2026-05-20 22:45:35 +08:00:     at async h (.next/server/chunks/8858.js:1:2932)
2026-05-20 22:45:35 +08:00:     at async l (.next/server/chunks/2833.js:3:1589) {
2026-05-20 22:45:35 +08:00:   code: 'NO_SECRET'
2026-05-20 22:45:35 +08:00: }
2026-05-20 22:45:35 +08:00: [next-auth][error][NO_SECRET] 
2026-05-20 22:45:35 +08:00: https://next-auth.js.org/errors#no_secret Please define a `secret` in production. Error [MissingSecretError]: Please define a `secret` in production.
2026-05-20 22:45:35 +08:00:     at b.assertConfig (.next/server/chunks/8858.js:10:68568)
2026-05-20 22:45:35 +08:00:     at q (.next/server/chunks/8858.js:10:37092)
2026-05-20 22:45:35 +08:00:     at async h (.next/server/chunks/8858.js:1:2932)
2026-05-20 22:45:35 +08:00:     at async k (.next/server/app/(dashboard)/seller/page.js:1:834) {
2026-05-20 22:45:35 +08:00:   code: 'NO_SECRET'
2026-05-20 22:45:35 +08:00: }
2026-05-20 22:45:35 +08:00:  ⨯ Error: There is a problem with the server configuration. Check the server logs for more information.
2026-05-20 22:45:35 +08:00:     at h (.next/server/chunks/8858.js:1:3180)
2026-05-20 22:45:35 +08:00:     at async l (.next/server/chunks/2833.js:3:1589) {
2026-05-20 22:45:35 +08:00:   digest: '168193216'
2026-05-20 22:45:35 +08:00: }
2026-05-20 22:45:35 +08:00:  ⨯ Error: There is a problem with the server configuration. Check the server logs for more information.
2026-05-20 22:45:35 +08:00:     at h (.next/server/chunks/8858.js:1:3180)
2026-05-20 22:45:35 +08:00:     at async k (.next/server/app/(dashboard)/seller/page.js:1:834) {
2026-05-20 22:45:35 +08:00:   digest: '2274808587'
2026-05-20 22:45:35 +08:00: }
2026-05-20 22:45:35 +08:00: [next-auth][error][NO_SECRET] 
2026-05-20 22:45:35 +08:00: https://next-auth.js.org/errors#no_secret Please define a `secret` in production. Error [MissingSecretError]: Please define a `secret` in production.
2026-05-20 22:45:35 +08:00:     at b.assertConfig (.next/server/chunks/8858.js:10:68568)
2026-05-20 22:45:35 +08:00:     at q (.next/server/chunks/8858.js:10:37092)
2026-05-20 22:45:35 +08:00:     at async h (.next/server/chunks/8858.js:1:2932)
2026-05-20 22:45:35 +08:00:     at async l (.next/server/chunks/2833.js:3:1589) {
2026-05-20 22:45:35 +08:00:   code: 'NO_SECRET'
2026-05-20 22:45:35 +08:00: }
2026-05-20 22:45:35 +08:00: [next-auth][error][NO_SECRET] 
2026-05-20 22:45:35 +08:00: https://next-auth.js.org/errors#no_secret Please define a `secret` in production. Error [MissingSecretError]: Please define a `secret` in production.
2026-05-20 22:45:35 +08:00:     at b.assertConfig (.next/server/chunks/8858.js:10:68568)
2026-05-20 22:45:35 +08:00:     at q (.next/server/chunks/8858.js:10:37092)
2026-05-20 22:45:35 +08:00:     at async h (.next/server/chunks/8858.js:1:2932)
2026-05-20 22:45:35 +08:00:     at async k (.next/server/app/(dashboard)/seller/page.js:1:834) {
2026-05-20 22:45:35 +08:00:   code: 'NO_SECRET'
2026-05-20 22:45:35 +08:00: }
2026-05-20 22:45:35 +08:00:  ⨯ Error: There is a problem with the server configuration. Check the server logs for more information.
2026-05-20 22:45:35 +08:00:     at h (.next/server/chunks/8858.js:1:3180)
2026-05-20 22:45:35 +08:00:     at async l (.next/server/chunks/2833.js:3:1589) {
2026-05-20 22:45:35 +08:00:   digest: '168193216'
2026-05-20 22:45:35 +08:00: }
2026-05-20 22:45:35 +08:00:  ⨯ Error: There is a problem with the server configuration. Check the server logs for more information.
2026-05-20 22:45:35 +08:00:     at h (.next/server/chunks/8858.js:1:3180)
2026-05-20 22:45:35 +08:00:     at async k (.next/server/app/(dashboard)/seller/page.js:1:834) {
2026-05-20 22:45:35 +08:00:   digest: '2274808587'
2026-05-20 22:45:35 +08:00: }
2026-05-20 22:46:38 +08:00: [next-auth][error][NO_SECRET] 
2026-05-20 22:46:38 +08:00: https://next-auth.js.org/errors#no_secret Please define a `secret` in production. Error [MissingSecretError]: Please define a `secret` in production.
2026-05-20 22:46:38 +08:00:     at b.assertConfig (.next/server/chunks/8858.js:10:68568)
2026-05-20 22:46:38 +08:00:     at q (.next/server/chunks/8858.js:10:37092)
2026-05-20 22:46:38 +08:00:     at async h (.next/server/chunks/8858.js:1:2932)
2026-05-20 22:46:38 +08:00:     at async l (.next/server/chunks/2833.js:3:1589) {
2026-05-20 22:46:38 +08:00:   code: 'NO_SECRET'
2026-05-20 22:46:38 +08:00: }
2026-05-20 22:46:38 +08:00: [next-auth][error][NO_SECRET] 
2026-05-20 22:46:38 +08:00: https://next-auth.js.org/errors#no_secret Please define a `secret` in production. Error [MissingSecretError]: Please define a `secret` in production.
2026-05-20 22:46:38 +08:00:     at b.assertConfig (.next/server/chunks/8858.js:10:68568)
2026-05-20 22:46:38 +08:00:     at q (.next/server/chunks/8858.js:10:37092)
2026-05-20 22:46:38 +08:00:     at async h (.next/server/chunks/8858.js:1:2932)
2026-05-20 22:46:38 +08:00:     at async k (.next/server/app/(dashboard)/seller/page.js:1:834) {
2026-05-20 22:46:38 +08:00:   code: 'NO_SECRET'
2026-05-20 22:46:38 +08:00: }
2026-05-20 22:46:38 +08:00:  ⨯ Error: There is a problem with the server configuration. Check the server logs for more information.
2026-05-20 22:46:38 +08:00:     at h (.next/server/chunks/8858.js:1:3180)
2026-05-20 22:46:38 +08:00:     at async l (.next/server/chunks/2833.js:3:1589) {
2026-05-20 22:46:38 +08:00:   digest: '168193216'
2026-05-20 22:46:38 +08:00: }
2026-05-20 22:46:38 +08:00:  ⨯ Error: There is a problem with the server configuration. Check the server logs for more information.
2026-05-20 22:46:38 +08:00:     at h (.next/server/chunks/8858.js:1:3180)
2026-05-20 22:46:38 +08:00:     at async k (.next/server/app/(dashboard)/seller/page.js:1:834) {
2026-05-20 22:46:38 +08:00:   digest: '2274808587'
2026-05-20 22:46:38 +08:00: }
2026-05-20 22:46:38 +08:00: [next-auth][error][NO_SECRET] 
2026-05-20 22:46:38 +08:00: https://next-auth.js.org/errors#no_secret Please define a `secret` in production. Error [MissingSecretError]: Please define a `secret` in production.
2026-05-20 22:46:38 +08:00:     at b.assertConfig (.next/server/chunks/8858.js:10:68568)
2026-05-20 22:46:38 +08:00:     at q (.next/server/chunks/8858.js:10:37092)
2026-05-20 22:46:38 +08:00:     at async h (.next/server/chunks/8858.js:1:2932)
2026-05-20 22:46:38 +08:00:     at async l (.next/server/chunks/2833.js:3:1589) {
2026-05-20 22:46:38 +08:00:   code: 'NO_SECRET'
2026-05-20 22:46:38 +08:00: }
2026-05-20 22:46:38 +08:00: [next-auth][error][NO_SECRET] 
2026-05-20 22:46:38 +08:00: https://next-auth.js.org/errors#no_secret Please define a `secret` in production. Error [MissingSecretError]: Please define a `secret` in production.
2026-05-20 22:46:38 +08:00:     at b.assertConfig (.next/server/chunks/8858.js:10:68568)
2026-05-20 22:46:38 +08:00:     at q (.next/server/chunks/8858.js:10:37092)
2026-05-20 22:46:38 +08:00:     at async h (.next/server/chunks/8858.js:1:2932)
2026-05-20 22:46:38 +08:00:     at async k (.next/server/app/(dashboard)/seller/page.js:1:834) {
2026-05-20 22:46:38 +08:00:   code: 'NO_SECRET'
2026-05-20 22:46:38 +08:00: }
2026-05-20 22:46:38 +08:00:  ⨯ Error: There is a problem with the server configuration. Check the server logs for more information.
2026-05-20 22:46:38 +08:00:     at h (.next/server/chunks/8858.js:1:3180)
2026-05-20 22:46:38 +08:00:     at async l (.next/server/chunks/2833.js:3:1589) {
2026-05-20 22:46:38 +08:00:   digest: '168193216'
2026-05-20 22:46:38 +08:00: }
2026-05-20 22:46:38 +08:00:  ⨯ Error: There is a problem with the server configuration. Check the server logs for more information.
2026-05-20 22:46:38 +08:00:     at h (.next/server/chunks/8858.js:1:3180)
2026-05-20 22:46:38 +08:00:     at async k (.next/server/app/(dashboard)/seller/page.js:1:834) {
2026-05-20 22:46:38 +08:00:   digest: '2274808587'
2026-05-20 22:46:38 +08:00: }
2026-05-20 22:47:03 +08:00:  ⚠ "next start" does not work with "output: standalone" configuration. Use "node .next/standalone/server.js" instead.
2026-05-20 23:16:59 +08:00:  ⚠ "next start" does not work with "output: standalone" configuration. Use "node .next/standalone/server.js" instead.
2026-05-21 23:04:34 +08:00:  ⚠ "next start" does not work with "output: standalone" configuration. Use "node .next/standalone/server.js" instead.
2026-05-22 08:23:09 +08:00:  ⚠ "next start" does not work with "output: standalone" configuration. Use "node .next/standalone/server.js" instead.
2026-05-22 11:58:23 +08:00:  ⚠ "next start" does not work with "output: standalone" configuration. Use "node .next/standalone/server.js" instead.
2026-05-22 12:48:50 +08:00:  ⚠ "next start" does not work with "output: standalone" configuration. Use "node .next/standalone/server.js" instead.
2026-05-22 12:54:55 +08:00:  ⚠ "next start" does not work with "output: standalone" configuration. Use "node .next/standalone/server.js" instead.
2026-05-22 14:46:57 +08:00:  ⚠ "next start" does not work with "output: standalone" configuration. Use "node .next/standalone/server.js" instead.
2026-07-28 11:22:03 +08:00: [Error: Could not find a production build in the '.next' directory. Try building your app with 'next build' before starting the production server. https://nextjs.org/docs/messages/production-start-no-build-id]
2026-07-28 11:22:05 +08:00: [Error: Could not find a production build in the '.next' directory. Try building your app with 'next build' before starting the production server. https://nextjs.org/docs/messages/production-start-no-build-id]
2026-07-28 11:22:07 +08:00: [Error: Could not find a production build in the '.next' directory. Try building your app with 'next build' before starting the production server. https://nextjs.org/docs/messages/production-start-no-build-id]
2026-07-28 11:22:10 +08:00: [Error: Could not find a production build in the '.next' directory. Try building your app with 'next build' before starting the production server. https://nextjs.org/docs/messages/production-start-no-build-id]
2026-07-28 11:22:15 +08:00: [Error: Could not find a production build in the '.next' directory. Try building your app with 'next build' before starting the production server. https://nextjs.org/docs/messages/production-start-no-build-id]
2026-07-28 11:22:21 +08:00: [Error: Could not find a production build in the '.next' directory. Try building your app with 'next build' before starting the production server. https://nextjs.org/docs/messages/production-start-no-build-id]
2026-07-28 11:22:29 +08:00: [Error: Could not find a production build in the '.next' directory. Try building your app with 'next build' before starting the production server. https://nextjs.org/docs/messages/production-start-no-build-id]
2026-07-28 11:22:42 +08:00: [Error: Could not find a production build in the '.next' directory. Try building your app with 'next build' before starting the production server. https://nextjs.org/docs/messages/production-start-no-build-id]
2026-07-28 11:22:57 +08:00: [Error: Could not find a production build in the '.next' directory. Try building your app with 'next build' before starting the production server. https://nextjs.org/docs/messages/production-start-no-build-id]
2026-07-28 11:23:13 +08:00: [Error: Could not find a production build in the '.next' directory. Try building your app with 'next build' before starting the production server. https://nextjs.org/docs/messages/production-start-no-build-id]
2026-07-28 11:23:29 +08:00: [Error: Could not find a production build in the '.next' directory. Try building your app with 'next build' before starting the production server. https://nextjs.org/docs/messages/production-start-no-build-id]
2026-07-28 11:23:45 +08:00: [Error: Could not find a production build in the '.next' directory. Try building your app with 'next build' before starting the production server. https://nextjs.org/docs/messages/production-start-no-build-id]
2026-07-28 11:24:00 +08:00: [Error: Could not find a production build in the '.next' directory. Try building your app with 'next build' before starting the production server. https://nextjs.org/docs/messages/production-start-no-build-id]
2026-07-28 11:24:16 +08:00: [Error: Could not find a production build in the '.next' directory. Try building your app with 'next build' before starting the production server. https://nextjs.org/docs/messages/production-start-no-build-id]
2026-07-28 11:24:32 +08:00: [Error: Could not find a production build in the '.next' directory. Try building your app with 'next build' before starting the production server. https://nextjs.org/docs/messages/production-start-no-build-id]
2026-07-28 11:24:48 +08:00: [Error: Could not find a production build in the '.next' directory. Try building your app with 'next build' before starting the production server. https://nextjs.org/docs/messages/production-start-no-build-id]
2026-07-28 11:25:03 +08:00: [Error: Could not find a production build in the '.next' directory. Try building your app with 'next build' before starting the production server. https://nextjs.org/docs/messages/production-start-no-build-id]
2026-07-28 11:25:19 +08:00: [Error: Could not find a production build in the '.next' directory. Try building your app with 'next build' before starting the production server. https://nextjs.org/docs/messages/production-start-no-build-id]
2026-07-28 11:25:35 +08:00: [Error: Could not find a production build in the '.next' directory. Try building your app with 'next build' before starting the production server. https://nextjs.org/docs/messages/production-start-no-build-id]
2026-07-28 11:25:51 +08:00: [Error: Could not find a production build in the '.next' directory. Try building your app with 'next build' before starting the production server. https://nextjs.org/docs/messages/production-start-no-build-id]
2026-07-28 11:26:06 +08:00: [Error: Could not find a production build in the '.next' directory. Try building your app with 'next build' before starting the production server. https://nextjs.org/docs/messages/production-start-no-build-id]
2026-07-28 11:26:22 +08:00: [Error: Could not find a production build in the '.next' directory. Try building your app with 'next build' before starting the production server. https://nextjs.org/docs/messages/production-start-no-build-id]
2026-07-28 11:26:38 +08:00: [Error: Could not find a production build in the '.next' directory. Try building your app with 'next build' before starting the production server. https://nextjs.org/docs/messages/production-start-no-build-id]
2026-07-28 11:26:54 +08:00: [Error: Could not find a production build in the '.next' directory. Try building your app with 'next build' before starting the production server. https://nextjs.org/docs/messages/production-start-no-build-id]
2026-07-28 11:27:09 +08:00: [Error: Could not find a production build in the '.next' directory. Try building your app with 'next build' before starting the production server. https://nextjs.org/docs/messages/production-start-no-build-id]
2026-07-28 11:27:25 +08:00: [Error: Could not find a production build in the '.next' directory. Try building your app with 'next build' before starting the production server. https://nextjs.org/docs/messages/production-start-no-build-id]
2026-07-28 11:27:41 +08:00: [Error: Could not find a production build in the '.next' directory. Try building your app with 'next build' before starting the production server. https://nextjs.org/docs/messages/production-start-no-build-id]
2026-07-28 11:27:57 +08:00: [Error: Could not find a production build in the '.next' directory. Try building your app with 'next build' before starting the production server. https://nextjs.org/docs/messages/production-start-no-build-id]
2026-07-28 11:28:12 +08:00: [Error: Could not find a production build in the '.next' directory. Try building your app with 'next build' before starting the production server. https://nextjs.org/docs/messages/production-start-no-build-id]
2026-07-28 11:28:28 +08:00: [Error: Could not find a production build in the '.next' directory. Try building your app with 'next build' before starting the production server. https://nextjs.org/docs/messages/production-start-no-build-id]
2026-07-28 11:28:44 +08:00: [Error: Could not find a production build in the '.next' directory. Try building your app with 'next build' before starting the production server. https://nextjs.org/docs/messages/production-start-no-build-id]
2026-07-28 11:29:00 +08:00: [Error: Could not find a production build in the '.next' directory. Try building your app with 'next build' before starting the production server. https://nextjs.org/docs/messages/production-start-no-build-id]
2026-07-28 11:29:15 +08:00: [Error: Could not find a production build in the '.next' directory. Try building your app with 'next build' before starting the production server. https://nextjs.org/docs/messages/production-start-no-build-id]
2026-07-28 11:29:31 +08:00: [Error: Could not find a production build in the '.next' directory. Try building your app with 'next build' before starting the production server. https://nextjs.org/docs/messages/production-start-no-build-id]
2026-07-28 11:29:47 +08:00: [Error: Could not find a production build in the '.next' directory. Try building your app with 'next build' before starting the production server. https://nextjs.org/docs/messages/production-start-no-build-id]
2026-07-28 11:30:03 +08:00: [Error: Could not find a production build in the '.next' directory. Try building your app with 'next build' before starting the production server. https://nextjs.org/docs/messages/production-start-no-build-id]
2026-07-28 11:30:18 +08:00: [Error: Could not find a production build in the '.next' directory. Try building your app with 'next build' before starting the production server. https://nextjs.org/docs/messages/production-start-no-build-id]
2026-07-28 11:30:34 +08:00: [Error: Could not find a production build in the '.next' directory. Try building your app with 'next build' before starting the production server. https://nextjs.org/docs/messages/production-start-no-build-id]
2026-07-28 11:30:50 +08:00: [Error: Could not find a production build in the '.next' directory. Try building your app with 'next build' before starting the production server. https://nextjs.org/docs/messages/production-start-no-build-id]
2026-07-28 11:31:06 +08:00: [Error: Could not find a production build in the '.next' directory. Try building your app with 'next build' before starting the production server. https://nextjs.org/docs/messages/production-start-no-build-id]
2026-07-28 11:31:21 +08:00: [Error: Could not find a production build in the '.next' directory. Try building your app with 'next build' before starting the production server. https://nextjs.org/docs/messages/production-start-no-build-id]
2026-07-28 11:31:37 +08:00: [Error: Could not find a production build in the '.next' directory. Try building your app with 'next build' before starting the production server. https://nextjs.org/docs/messages/production-start-no-build-id]
2026-07-28 11:31:53 +08:00: [Error: Could not find a production build in the '.next' directory. Try building your app with 'next build' before starting the production server. https://nextjs.org/docs/messages/production-start-no-build-id]
2026-07-28 11:32:09 +08:00: [Error: Could not find a production build in the '.next' directory. Try building your app with 'next build' before starting the production server. https://nextjs.org/docs/messages/production-start-no-build-id]
2026-07-28 11:32:24 +08:00: [Error: Could not find a production build in the '.next' directory. Try building your app with 'next build' before starting the production server. https://nextjs.org/docs/messages/production-start-no-build-id]
2026-07-28 11:32:40 +08:00: [Error: Could not find a production build in the '.next' directory. Try building your app with 'next build' before starting the production server. https://nextjs.org/docs/messages/production-start-no-build-id]
2026-07-28 11:32:56 +08:00: [Error: Could not find a production build in the '.next' directory. Try building your app with 'next build' before starting the production server. https://nextjs.org/docs/messages/production-start-no-build-id]
2026-07-28 11:33:12 +08:00: [Error: Could not find a production build in the '.next' directory. Try building your app with 'next build' before starting the production server. https://nextjs.org/docs/messages/production-start-no-build-id]
2026-07-28 11:33:27 +08:00: [Error: Could not find a production build in the '.next' directory. Try building your app with 'next build' before starting the production server. https://nextjs.org/docs/messages/production-start-no-build-id]
2026-07-28 11:33:43 +08:00: [Error: Could not find a production build in the '.next' directory. Try building your app with 'next build' before starting the production server. https://nextjs.org/docs/messages/production-start-no-build-id]
2026-07-28 11:33:59 +08:00: [Error: Could not find a production build in the '.next' directory. Try building your app with 'next build' before starting the production server. https://nextjs.org/docs/messages/production-start-no-build-id]
2026-07-28 11:34:15 +08:00: [Error: Could not find a production build in the '.next' directory. Try building your app with 'next build' before starting the production server. https://nextjs.org/docs/messages/production-start-no-build-id]
2026-07-28 11:34:31 +08:00: [Error: Could not find a production build in the '.next' directory. Try building your app with 'next build' before starting the production server. https://nextjs.org/docs/messages/production-start-no-build-id]
2026-07-28 11:34:46 +08:00: [Error: Could not find a production build in the '.next' directory. Try building your app with 'next build' before starting the production server. https://nextjs.org/docs/messages/production-start-no-build-id]
2026-07-28 11:35:02 +08:00: [Error: Could not find a production build in the '.next' directory. Try building your app with 'next build' before starting the production server. https://nextjs.org/docs/messages/production-start-no-build-id]
2026-07-28 11:35:18 +08:00: [Error: Could not find a production build in the '.next' directory. Try building your app with 'next build' before starting the production server. https://nextjs.org/docs/messages/production-start-no-build-id]
2026-07-28 11:35:34 +08:00: [Error: Could not find a production build in the '.next' directory. Try building your app with 'next build' before starting the production server. https://nextjs.org/docs/messages/production-start-no-build-id]
2026-07-28 11:35:49 +08:00: [Error: Could not find a production build in the '.next' directory. Try building your app with 'next build' before starting the production server. https://nextjs.org/docs/messages/production-start-no-build-id]
2026-07-28 11:36:05 +08:00: [Error: Could not find a production build in the '.next' directory. Try building your app with 'next build' before starting the production server. https://nextjs.org/docs/messages/production-start-no-build-id]
2026-07-28 11:36:21 +08:00: [Error: Could not find a production build in the '.next' directory. Try building your app with 'next build' before starting the production server. https://nextjs.org/docs/messages/production-start-no-build-id]
2026-07-28 11:36:37 +08:00: [Error: Could not find a production build in the '.next' directory. Try building your app with 'next build' before starting the production server. https://nextjs.org/docs/messages/production-start-no-build-id]
2026-07-28 11:36:52 +08:00: [Error: Could not find a production build in the '.next' directory. Try building your app with 'next build' before starting the production server. https://nextjs.org/docs/messages/production-start-no-build-id]
2026-07-28 11:37:08 +08:00: [Error: Could not find a production build in the '.next' directory. Try building your app with 'next build' before starting the production server. https://nextjs.org/docs/messages/production-start-no-build-id]
2026-07-28 11:37:24 +08:00: [Error: Could not find a production build in the '.next' directory. Try building your app with 'next build' before starting the production server. https://nextjs.org/docs/messages/production-start-no-build-id]
2026-07-28 11:37:39 +08:00: [Error: Could not find a production build in the '.next' directory. Try building your app with 'next build' before starting the production server. https://nextjs.org/docs/messages/production-start-no-build-id]
2026-07-28 11:37:55 +08:00: [Error: Could not find a production build in the '.next' directory. Try building your app with 'next build' before starting the production server. https://nextjs.org/docs/messages/production-start-no-build-id]
2026-07-28 11:38:11 +08:00: [Error: Could not find a production build in the '.next' directory. Try building your app with 'next build' before starting the production server. https://nextjs.org/docs/messages/production-start-no-build-id]
2026-07-28 11:38:27 +08:00: [Error: Could not find a production build in the '.next' directory. Try building your app with 'next build' before starting the production server. https://nextjs.org/docs/messages/production-start-no-build-id]
2026-07-28 11:38:42 +08:00: [Error: Could not find a production build in the '.next' directory. Try building your app with 'next build' before starting the production server. https://nextjs.org/docs/messages/production-start-no-build-id]
2026-07-28 11:38:58 +08:00: [Error: Could not find a production build in the '.next' directory. Try building your app with 'next build' before starting the production server. https://nextjs.org/docs/messages/production-start-no-build-id]
2026-07-28 11:39:14 +08:00: [Error: Could not find a production build in the '.next' directory. Try building your app with 'next build' before starting the production server. https://nextjs.org/docs/messages/production-start-no-build-id]
2026-07-28 11:39:30 +08:00: [Error: Could not find a production build in the '.next' directory. Try building your app with 'next build' before starting the production server. https://nextjs.org/docs/messages/production-start-no-build-id]
2026-07-28 11:39:46 +08:00: [Error: Could not find a production build in the '.next' directory. Try building your app with 'next build' before starting the production server. https://nextjs.org/docs/messages/production-start-no-build-id]
2026-07-28 11:40:01 +08:00: [Error: Could not find a production build in the '.next' directory. Try building your app with 'next build' before starting the production server. https://nextjs.org/docs/messages/production-start-no-build-id]
2026-07-28 11:40:17 +08:00: [Error: Could not find a production build in the '.next' directory. Try building your app with 'next build' before starting the production server. https://nextjs.org/docs/messages/production-start-no-build-id]
2026-07-28 11:40:33 +08:00: [Error: Could not find a production build in the '.next' directory. Try building your app with 'next build' before starting the production server. https://nextjs.org/docs/messages/production-start-no-build-id]
2026-07-28 11:40:49 +08:00: [Error: Could not find a production build in the '.next' directory. Try building your app with 'next build' before starting the production server. https://nextjs.org/docs/messages/production-start-no-build-id]
2026-07-28 11:41:04 +08:00: [Error: Could not find a production build in the '.next' directory. Try building your app with 'next build' before starting the production server. https://nextjs.org/docs/messages/production-start-no-build-id]
2026-07-28 11:41:20 +08:00: [Error: Could not find a production build in the '.next' directory. Try building your app with 'next build' before starting the production server. https://nextjs.org/docs/messages/production-start-no-build-id]
2026-07-28 11:41:36 +08:00: [Error: Could not find a production build in the '.next' directory. Try building your app with 'next build' before starting the production server. https://nextjs.org/docs/messages/production-start-no-build-id]
2026-07-28 11:41:52 +08:00: [Error: Could not find a production build in the '.next' directory. Try building your app with 'next build' before starting the production server. https://nextjs.org/docs/messages/production-start-no-build-id]
2026-07-28 11:42:07 +08:00: [Error: Could not find a production build in the '.next' directory. Try building your app with 'next build' before starting the production server. https://nextjs.org/docs/messages/production-start-no-build-id]
2026-07-28 11:42:23 +08:00: [Error: Could not find a production build in the '.next' directory. Try building your app with 'next build' before starting the production server. https://nextjs.org/docs/messages/production-start-no-build-id]
2026-07-28 11:42:39 +08:00: [Error: Could not find a production build in the '.next' directory. Try building your app with 'next build' before starting the production server. https://nextjs.org/docs/messages/production-start-no-build-id]
2026-07-28 11:42:55 +08:00: [Error: Could not find a production build in the '.next' directory. Try building your app with 'next build' before starting the production server. https://nextjs.org/docs/messages/production-start-no-build-id]
2026-07-28 11:43:11 +08:00: [Error: Could not find a production build in the '.next' directory. Try building your app with 'next build' before starting the production server. https://nextjs.org/docs/messages/production-start-no-build-id]
2026-07-28 11:43:26 +08:00: [Error: Could not find a production build in the '.next' directory. Try building your app with 'next build' before starting the production server. https://nextjs.org/docs/messages/production-start-no-build-id]
2026-07-28 11:43:42 +08:00: [Error: Could not find a production build in the '.next' directory. Try building your app with 'next build' before starting the production server. https://nextjs.org/docs/messages/production-start-no-build-id]
2026-07-28 11:43:58 +08:00: [Error: Could not find a production build in the '.next' directory. Try building your app with 'next build' before starting the production server. https://nextjs.org/docs/messages/production-start-no-build-id]
2026-07-28 11:44:14 +08:00: [Error: Could not find a production build in the '.next' directory. Try building your app with 'next build' before starting the production server. https://nextjs.org/docs/messages/production-start-no-build-id]
2026-07-28 11:44:29 +08:00: [Error: Could not find a production build in the '.next' directory. Try building your app with 'next build' before starting the production server. https://nextjs.org/docs/messages/production-start-no-build-id]
2026-07-28 11:44:45 +08:00: [Error: Could not find a production build in the '.next' directory. Try building your app with 'next build' before starting the production server. https://nextjs.org/docs/messages/production-start-no-build-id]
2026-07-28 11:45:01 +08:00: [Error: Could not find a production build in the '.next' directory. Try building your app with 'next build' before starting the production server. https://nextjs.org/docs/messages/production-start-no-build-id]
2026-07-28 11:45:17 +08:00: [Error: Could not find a production build in the '.next' directory. Try building your app with 'next build' before starting the production server. https://nextjs.org/docs/messages/production-start-no-build-id]
2026-07-28 11:45:32 +08:00: [Error: Could not find a production build in the '.next' directory. Try building your app with 'next build' before starting the production server. https://nextjs.org/docs/messages/production-start-no-build-id]
2026-07-28 11:45:48 +08:00: [Error: Could not find a production build in the '.next' directory. Try building your app with 'next build' before starting the production server. https://nextjs.org/docs/messages/production-start-no-build-id]
2026-07-28 11:46:04 +08:00: [Error: Could not find a production build in the '.next' directory. Try building your app with 'next build' before starting the production server. https://nextjs.org/docs/messages/production-start-no-build-id]
2026-07-28 11:46:20 +08:00: [Error: Could not find a production build in the '.next' directory. Try building your app with 'next build' before starting the production server. https://nextjs.org/docs/messages/production-start-no-build-id]
2026-07-28 11:46:37 +08:00: [Error: Could not find a production build in the '.next' directory. Try building your app with 'next build' before starting the production server. https://nextjs.org/docs/messages/production-start-no-build-id]
2026-07-28 11:46:54 +08:00: [Error: Could not find a production build in the '.next' directory. Try building your app with 'next build' before starting the production server. https://nextjs.org/docs/messages/production-start-no-build-id]
2026-07-28 11:47:12 +08:00: [Error: Could not find a production build in the '.next' directory. Try building your app with 'next build' before starting the production server. https://nextjs.org/docs/messages/production-start-no-build-id]
2026-07-28 11:47:28 +08:00: [Error: Could not find a production build in the '.next' directory. Try building your app with 'next build' before starting the production server. https://nextjs.org/docs/messages/production-start-no-build-id]
2026-07-28 11:47:44 +08:00: [Error: Could not find a production build in the '.next' directory. Try building your app with 'next build' before starting the production server. https://nextjs.org/docs/messages/production-start-no-build-id]
2026-07-28 11:48:00 +08:00: [Error: Could not find a production build in the '.next' directory. Try building your app with 'next build' before starting the production server. https://nextjs.org/docs/messages/production-start-no-build-id]
2026-07-28 11:48:17 +08:00: [Error: Could not find a production build in the '.next' directory. Try building your app with 'next build' before starting the production server. https://nextjs.org/docs/messages/production-start-no-build-id]
2026-07-28 11:48:33 +08:00: [Error: Could not find a production build in the '.next' directory. Try building your app with 'next build' before starting the production server. https://nextjs.org/docs/messages/production-start-no-build-id]
2026-07-28 11:48:49 +08:00: [Error: Could not find a production build in the '.next' directory. Try building your app with 'next build' before starting the production server. https://nextjs.org/docs/messages/production-start-no-build-id]
2026-07-28 11:49:05 +08:00: [Error: Could not find a production build in the '.next' directory. Try building your app with 'next build' before starting the production server. https://nextjs.org/docs/messages/production-start-no-build-id]
2026-07-28 11:49:21 +08:00: [Error: Could not find a production build in the '.next' directory. Try building your app with 'next build' before starting the production server. https://nextjs.org/docs/messages/production-start-no-build-id]
2026-07-28 11:49:37 +08:00: [Error: Could not find a production build in the '.next' directory. Try building your app with 'next build' before starting the production server. https://nextjs.org/docs/messages/production-start-no-build-id]
2026-07-28 11:49:53 +08:00: [Error: Could not find a production build in the '.next' directory. Try building your app with 'next build' before starting the production server. https://nextjs.org/docs/messages/production-start-no-build-id]
2026-07-28 11:50:08 +08:00: [Error: Could not find a production build in the '.next' directory. Try building your app with 'next build' before starting the production server. https://nextjs.org/docs/messages/production-start-no-build-id]
2026-07-28 11:50:24 +08:00: [Error: Could not find a production build in the '.next' directory. Try building your app with 'next build' before starting the production server. https://nextjs.org/docs/messages/production-start-no-build-id]
2026-07-28 11:50:40 +08:00: [Error: Could not find a production build in the '.next' directory. Try building your app with 'next build' before starting the production server. https://nextjs.org/docs/messages/production-start-no-build-id]
2026-07-28 11:50:56 +08:00: [Error: Could not find a production build in the '.next' directory. Try building your app with 'next build' before starting the production server. https://nextjs.org/docs/messages/production-start-no-build-id]
2026-07-28 11:51:11 +08:00: [Error: Could not find a production build in the '.next' directory. Try building your app with 'next build' before starting the production server. https://nextjs.org/docs/messages/production-start-no-build-id]
2026-07-28 11:51:27 +08:00: [Error: Could not find a production build in the '.next' directory. Try building your app with 'next build' before starting the production server. https://nextjs.org/docs/messages/production-start-no-build-id]
2026-07-28 11:51:43 +08:00: [Error: Could not find a production build in the '.next' directory. Try building your app with 'next build' before starting the production server. https://nextjs.org/docs/messages/production-start-no-build-id]
2026-07-28 11:51:59 +08:00: [Error: Could not find a production build in the '.next' directory. Try building your app with 'next build' before starting the production server. https://nextjs.org/docs/messages/production-start-no-build-id]
2026-07-28 11:52:15 +08:00: [Error: Could not find a production build in the '.next' directory. Try building your app with 'next build' before starting the production server. https://nextjs.org/docs/messages/production-start-no-build-id]
2026-07-28 11:52:30 +08:00: [Error: Could not find a production build in the '.next' directory. Try building your app with 'next build' before starting the production server. https://nextjs.org/docs/messages/production-start-no-build-id]
2026-07-28 11:52:46 +08:00: [Error: Could not find a production build in the '.next' directory. Try building your app with 'next build' before starting the production server. https://nextjs.org/docs/messages/production-start-no-build-id]
2026-07-28 11:53:02 +08:00: [Error: Could not find a production build in the '.next' directory. Try building your app with 'next build' before starting the production server. https://nextjs.org/docs/messages/production-start-no-build-id]
2026-07-28 11:53:18 +08:00: [Error: Could not find a production build in the '.next' directory. Try building your app with 'next build' before starting the production server. https://nextjs.org/docs/messages/production-start-no-build-id]
2026-07-28 11:53:33 +08:00: [Error: Could not find a production build in the '.next' directory. Try building your app with 'next build' before starting the production server. https://nextjs.org/docs/messages/production-start-no-build-id]
2026-07-28 11:53:49 +08:00: [Error: Could not find a production build in the '.next' directory. Try building your app with 'next build' before starting the production server. https://nextjs.org/docs/messages/production-start-no-build-id]
2026-07-28 11:54:05 +08:00: [Error: Could not find a production build in the '.next' directory. Try building your app with 'next build' before starting the production server. https://nextjs.org/docs/messages/production-start-no-build-id]
2026-07-28 11:54:21 +08:00: [Error: Could not find a production build in the '.next' directory. Try building your app with 'next build' before starting the production server. https://nextjs.org/docs/messages/production-start-no-build-id]
2026-07-28 11:54:37 +08:00: [Error: Could not find a production build in the '.next' directory. Try building your app with 'next build' before starting the production server. https://nextjs.org/docs/messages/production-start-no-build-id]
2026-07-28 11:54:52 +08:00: [Error: Could not find a production build in the '.next' directory. Try building your app with 'next build' before starting the production server. https://nextjs.org/docs/messages/production-start-no-build-id]
2026-07-28 11:55:08 +08:00: [Error: Could not find a production build in the '.next' directory. Try building your app with 'next build' before starting the production server. https://nextjs.org/docs/messages/production-start-no-build-id]
2026-07-28 11:55:24 +08:00: [Error: Could not find a production build in the '.next' directory. Try building your app with 'next build' before starting the production server. https://nextjs.org/docs/messages/production-start-no-build-id]
2026-07-28 11:55:40 +08:00: [Error: Could not find a production build in the '.next' directory. Try building your app with 'next build' before starting the production server. https://nextjs.org/docs/messages/production-start-no-build-id]
2026-07-28 11:55:56 +08:00: [Error: Could not find a production build in the '.next' directory. Try building your app with 'next build' before starting the production server. https://nextjs.org/docs/messages/production-start-no-build-id]
2026-07-28 11:56:11 +08:00: [Error: Could not find a production build in the '.next' directory. Try building your app with 'next build' before starting the production server. https://nextjs.org/docs/messages/production-start-no-build-id]
2026-07-28 11:56:27 +08:00: [Error: Could not find a production build in the '.next' directory. Try building your app with 'next build' before starting the production server. https://nextjs.org/docs/messages/production-start-no-build-id]
2026-07-28 11:56:43 +08:00: [Error: Could not find a production build in the '.next' directory. Try building your app with 'next build' before starting the production server. https://nextjs.org/docs/messages/production-start-no-build-id]
2026-07-28 11:56:59 +08:00: [Error: Could not find a production build in the '.next' directory. Try building your app with 'next build' before starting the production server. https://nextjs.org/docs/messages/production-start-no-build-id]
2026-07-28 11:57:15 +08:00: [Error: Could not find a production build in the '.next' directory. Try building your app with 'next build' before starting the production server. https://nextjs.org/docs/messages/production-start-no-build-id]
2026-07-28 11:57:30 +08:00: [Error: Could not find a production build in the '.next' directory. Try building your app with 'next build' before starting the production server. https://nextjs.org/docs/messages/production-start-no-build-id]
2026-07-28 11:57:46 +08:00: [Error: Could not find a production build in the '.next' directory. Try building your app with 'next build' before starting the production server. https://nextjs.org/docs/messages/production-start-no-build-id]
2026-07-28 11:58:02 +08:00: [Error: Could not find a production build in the '.next' directory. Try building your app with 'next build' before starting the production server. https://nextjs.org/docs/messages/production-start-no-build-id]
2026-07-28 11:58:18 +08:00: [Error: Could not find a production build in the '.next' directory. Try building your app with 'next build' before starting the production server. https://nextjs.org/docs/messages/production-start-no-build-id]
2026-07-28 11:58:33 +08:00: [Error: Could not find a production build in the '.next' directory. Try building your app with 'next build' before starting the production server. https://nextjs.org/docs/messages/production-start-no-build-id]
2026-07-28 11:58:49 +08:00: [Error: Could not find a production build in the '.next' directory. Try building your app with 'next build' before starting the production server. https://nextjs.org/docs/messages/production-start-no-build-id]
2026-07-28 11:59:05 +08:00: [Error: Could not find a production build in the '.next' directory. Try building your app with 'next build' before starting the production server. https://nextjs.org/docs/messages/production-start-no-build-id]
2026-07-28 11:59:21 +08:00: [Error: Could not find a production build in the '.next' directory. Try building your app with 'next build' before starting the production server. https://nextjs.org/docs/messages/production-start-no-build-id]
2026-07-28 11:59:37 +08:00: [Error: Could not find a production build in the '.next' directory. Try building your app with 'next build' before starting the production server. https://nextjs.org/docs/messages/production-start-no-build-id]
2026-07-28 11:59:52 +08:00: [Error: Could not find a production build in the '.next' directory. Try building your app with 'next build' before starting the production server. https://nextjs.org/docs/messages/production-start-no-build-id]
2026-07-28 12:00:08 +08:00: [Error: Could not find a production build in the '.next' directory. Try building your app with 'next build' before starting the production server. https://nextjs.org/docs/messages/production-start-no-build-id]
2026-07-28 12:00:24 +08:00: [Error: Could not find a production build in the '.next' directory. Try building your app with 'next build' before starting the production server. https://nextjs.org/docs/messages/production-start-no-build-id]
2026-07-28 12:00:40 +08:00: [Error: Could not find a production build in the '.next' directory. Try building your app with 'next build' before starting the production server. https://nextjs.org/docs/messages/production-start-no-build-id]
2026-07-28 12:00:55 +08:00: [Error: Could not find a production build in the '.next' directory. Try building your app with 'next build' before starting the production server. https://nextjs.org/docs/messages/production-start-no-build-id]
2026-07-28 12:01:11 +08:00: [Error: Could not find a production build in the '.next' directory. Try building your app with 'next build' before starting the production server. https://nextjs.org/docs/messages/production-start-no-build-id]
2026-07-28 12:01:27 +08:00: [Error: Could not find a production build in the '.next' directory. Try building your app with 'next build' before starting the production server. https://nextjs.org/docs/messages/production-start-no-build-id]
2026-07-28 12:01:43 +08:00: [Error: Could not find a production build in the '.next' directory. Try building your app with 'next build' before starting the production server. https://nextjs.org/docs/messages/production-start-no-build-id]
2026-07-28 12:01:59 +08:00: [Error: Could not find a production build in the '.next' directory. Try building your app with 'next build' before starting the production server. https://nextjs.org/docs/messages/production-start-no-build-id]
2026-07-28 12:02:14 +08:00: [Error: Could not find a production build in the '.next' directory. Try building your app with 'next build' before starting the production server. https://nextjs.org/docs/messages/production-start-no-build-id]
2026-07-28 12:02:30 +08:00: [Error: Could not find a production build in the '.next' directory. Try building your app with 'next build' before starting the production server. https://nextjs.org/docs/messages/production-start-no-build-id]
2026-07-28 12:02:46 +08:00: [Error: Could not find a production build in the '.next' directory. Try building your app with 'next build' before starting the production server. https://nextjs.org/docs/messages/production-start-no-build-id]
2026-07-28 12:03:02 +08:00: [Error: Could not find a production build in the '.next' directory. Try building your app with 'next build' before starting the production server. https://nextjs.org/docs/messages/production-start-no-build-id]
2026-07-28 12:03:17 +08:00: [Error: Could not find a production build in the '.next' directory. Try building your app with 'next build' before starting the production server. https://nextjs.org/docs/messages/production-start-no-build-id]
2026-07-28 12:03:33 +08:00: [Error: Could not find a production build in the '.next' directory. Try building your app with 'next build' before starting the production server. https://nextjs.org/docs/messages/production-start-no-build-id]
2026-07-28 12:03:49 +08:00: [Error: Could not find a production build in the '.next' directory. Try building your app with 'next build' before starting the production server. https://nextjs.org/docs/messages/production-start-no-build-id]
2026-07-28 12:04:05 +08:00: [Error: Could not find a production build in the '.next' directory. Try building your app with 'next build' before starting the production server. https://nextjs.org/docs/messages/production-start-no-build-id]
2026-07-28 12:04:20 +08:00: [Error: Could not find a production build in the '.next' directory. Try building your app with 'next build' before starting the production server. https://nextjs.org/docs/messages/production-start-no-build-id]
2026-07-28 12:04:36 +08:00: [Error: Could not find a production build in the '.next' directory. Try building your app with 'next build' before starting the production server. https://nextjs.org/docs/messages/production-start-no-build-id]
2026-07-28 12:04:52 +08:00: [Error: Could not find a production build in the '.next' directory. Try building your app with 'next build' before starting the production server. https://nextjs.org/docs/messages/production-start-no-build-id]
2026-07-28 12:05:08 +08:00: [Error: Could not find a production build in the '.next' directory. Try building your app with 'next build' before starting the production server. https://nextjs.org/docs/messages/production-start-no-build-id]
2026-07-28 12:05:24 +08:00: [Error: ENOENT: no such file or directory, open '/home/sardenesy/projects/chinahuib2b/.next/prerender-manifest.json'] {
2026-07-28 12:05:24 +08:00:   errno: -2,
2026-07-28 12:05:24 +08:00:   code: 'ENOENT',
2026-07-28 12:05:24 +08:00:   syscall: 'open',
2026-07-28 12:05:24 +08:00:   path: '/home/sardenesy/projects/chinahuib2b/.next/prerender-manifest.json'
2026-07-28 12:05:24 +08:00: }
